\BOOKMARK [1][-]{section.1}{\376\377\000I\000n\000t\000r\000o\000d\000u\000c\000c\000i\000\363\000n}{}% 1
\BOOKMARK [2][-]{subsection.1.1}{\376\377\000\277\000Q\000u\000\351\000\040\000e\000s\000\040\000u\000n\000a\000\040\000c\000o\000m\000p\000u\000t\000a\000d\000o\000r\000a\000?}{section.1}% 2
\BOOKMARK [2][-]{subsection.1.2}{\376\377\000C\000o\000m\000p\000u\000t\000a\000d\000o\000r\000a\000s\000\040\000A\000n\000a\000l\000\363\000g\000i\000c\000a\000s}{section.1}% 3
\BOOKMARK [2][-]{subsection.1.3}{\376\377\000C\000o\000m\000p\000u\000t\000a\000d\000o\000r\000a\000s\000\040\000D\000i\000g\000i\000t\000a\000l\000e\000s}{section.1}% 4
\BOOKMARK [1][-]{section.2}{\376\377\000A\000n\000t\000e\000c\000e\000d\000e\000n\000t\000e\000s\000:\000\040\000a\000n\000t\000e\000s\000\040\000d\000e\000\040\000l\000a\000\040\000e\000r\000a\000\040\000e\000l\000e\000c\000t\000r\000\363\000n\000i\000c\000a}{}% 5
\BOOKMARK [1][-]{section.3}{\376\377\000P\000r\000i\000m\000e\000r\000a\000\040\000g\000e\000n\000e\000r\000a\000c\000i\000\363\000n\000\040\000\050\0001\0009\0004\0005\040\023\0001\0009\0005\0005\000\051\000:\000\040\000t\000u\000b\000o\000s\000\040\000d\000e\000\040\000v\000a\000c\000\355\000o}{}% 6
\BOOKMARK [2][-]{subsection.3.1}{\376\377\000C\000o\000n\000t\000e\000x\000t\000o\000\040\000y\000\040\000t\000e\000c\000n\000o\000l\000o\000g\000\355\000a\000\040\000b\000a\000s\000e}{section.3}% 7
\BOOKMARK [2][-]{subsection.3.2}{\376\377\000M\000o\000d\000e\000l\000o\000s\000\040\000r\000e\000p\000r\000e\000s\000e\000n\000t\000a\000t\000i\000v\000o\000s}{section.3}% 8
\BOOKMARK [2][-]{subsection.3.3}{\376\377\000C\000\363\000m\000o\000\040\000s\000e\000\040\000u\000s\000a\000b\000a\000n}{section.3}% 9
\BOOKMARK [2][-]{subsection.3.4}{\376\377\000A\000p\000o\000r\000t\000e\000\040\000c\000l\000a\000v\000e}{section.3}% 10
\BOOKMARK [1][-]{section.4}{\376\377\000S\000e\000g\000u\000n\000d\000a\000\040\000g\000e\000n\000e\000r\000a\000c\000i\000\363\000n\000\040\000\050\0001\0009\0005\0005\040\023\0001\0009\0006\0005\000\051\000:\000\040\000t\000r\000a\000n\000s\000i\000s\000t\000o\000r\000e\000s}{}% 11
\BOOKMARK [2][-]{subsection.4.1}{\376\377\000C\000o\000n\000t\000e\000x\000t\000o\000\040\000y\000\040\000t\000e\000c\000n\000o\000l\000o\000g\000\355\000a\000\040\000b\000a\000s\000e}{section.4}% 12
\BOOKMARK [2][-]{subsection.4.2}{\376\377\000M\000o\000d\000e\000l\000o\000s\000\040\000r\000e\000p\000r\000e\000s\000e\000n\000t\000a\000t\000i\000v\000o\000s}{section.4}% 13
\BOOKMARK [2][-]{subsection.4.3}{\376\377\000C\000\363\000m\000o\000\040\000s\000e\000\040\000u\000s\000a\000b\000a\000n}{section.4}% 14
\BOOKMARK [2][-]{subsection.4.4}{\376\377\000A\000p\000o\000r\000t\000e\000\040\000c\000l\000a\000v\000e}{section.4}% 15
\BOOKMARK [1][-]{section.5}{\376\377\000T\000e\000r\000c\000e\000r\000a\000\040\000g\000e\000n\000e\000r\000a\000c\000i\000\363\000n\000\040\000\050\0001\0009\0006\0005\040\023\0001\0009\0008\0000\000\051\000:\000\040\000c\000i\000r\000c\000u\000i\000t\000o\000s\000\040\000i\000n\000t\000e\000g\000r\000a\000d\000o\000s}{}% 16
\BOOKMARK [2][-]{subsection.5.1}{\376\377\000C\000o\000n\000t\000e\000x\000t\000o\000\040\000y\000\040\000t\000e\000c\000n\000o\000l\000o\000g\000\355\000a\000\040\000b\000a\000s\000e}{section.5}% 17
\BOOKMARK [2][-]{subsection.5.2}{\376\377\000M\000o\000d\000e\000l\000o\000s\000\040\000r\000e\000p\000r\000e\000s\000e\000n\000t\000a\000t\000i\000v\000o\000s}{section.5}% 18
\BOOKMARK [2][-]{subsection.5.3}{\376\377\000C\000\363\000m\000o\000\040\000s\000e\000\040\000u\000s\000a\000b\000a\000n}{section.5}% 19
\BOOKMARK [2][-]{subsection.5.4}{\376\377\000A\000p\000o\000r\000t\000e\000\040\000c\000l\000a\000v\000e}{section.5}% 20
\BOOKMARK [1][-]{section.6}{\376\377\000C\000u\000a\000r\000t\000a\000\040\000g\000e\000n\000e\000r\000a\000c\000i\000\363\000n\000\040\000\050\0001\0009\0008\0000\040\023\000c\000a\000.\000\040\0002\0000\0001\0000\000\051\000:\000\040\000c\000o\000m\000p\000u\000t\000a\000d\000o\000r\000a\000s\000\040\000p\000e\000r\000s\000o\000n\000a\000l\000e\000s}{}% 21
\BOOKMARK [2][-]{subsection.6.1}{\376\377\000C\000o\000n\000t\000e\000x\000t\000o\000\040\000y\000\040\000t\000e\000c\000n\000o\000l\000o\000g\000\355\000a\000\040\000b\000a\000s\000e}{section.6}% 22
\BOOKMARK [2][-]{subsection.6.2}{\376\377\000P\000r\000o\000c\000e\000s\000a\000d\000o\000r\000e\000s\000\040\000y\000\040\000m\000o\000d\000e\000l\000o\000s\000\040\000r\000e\000p\000r\000e\000s\000e\000n\000t\000a\000t\000i\000v\000o\000s}{section.6}% 23
\BOOKMARK [2][-]{subsection.6.3}{\376\377\000C\000\363\000m\000o\000\040\000s\000e\000\040\000u\000s\000a\000b\000a\000n}{section.6}% 24
\BOOKMARK [2][-]{subsection.6.4}{\376\377\000A\000p\000o\000r\000t\000e\000\040\000c\000l\000a\000v\000e}{section.6}% 25
\BOOKMARK [1][-]{section.7}{\376\377\000Q\000u\000i\000n\000t\000a\000\040\000g\000e\000n\000e\000r\000a\000c\000i\000\363\000n\000:\000\040\000d\000o\000s\000\040\000v\000i\000s\000i\000o\000n\000e\000s\000\040\000c\000o\000m\000p\000l\000e\000m\000e\000n\000t\000a\000r\000i\000a\000s}{}% 26
\BOOKMARK [2][-]{subsection.7.1}{\376\377\000V\000i\000s\000i\000\363\000n\000\040\000c\000l\000\341\000s\000i\000c\000a\000:\000\040\000e\000l\000\040\000p\000r\000o\000y\000e\000c\000t\000o\000\040\000j\000a\000p\000o\000n\000\351\000s\000\040\000F\000G\000C\000S\000\040\000\050\0001\0009\0008\0002\040\023\0001\0009\0009\0002\000\051}{section.7}% 27
\BOOKMARK [2][-]{subsection.7.2}{\376\377\000V\000i\000s\000i\000\363\000n\000\040\000m\000o\000d\000e\000r\000n\000a\000:\000\040\000p\000a\000r\000a\000l\000e\000l\000i\000s\000m\000o\000,\000\040\000m\000\363\000v\000i\000l\000e\000s\000,\000\040\000n\000u\000b\000e\000\040\000e\000\040\000I\000A}{section.7}% 28
\BOOKMARK [2][-]{subsection.7.3}{\376\377\000\277\000H\000a\000c\000i\000a\000\040\000u\000n\000a\000\040\000s\000e\000x\000t\000a\000\040\000g\000e\000n\000e\000r\000a\000c\000i\000\363\000n\000?\000\040\000L\000a\000\040\000c\000o\000m\000p\000u\000t\000a\000c\000i\000\363\000n\000\040\000c\000u\000\341\000n\000t\000i\000c\000a}{section.7}% 29
\BOOKMARK [1][-]{section.8}{\376\377\000R\000e\000f\000l\000e\000x\000i\000\363\000n\000\040\000y\000\040\000c\000o\000n\000c\000l\000u\000s\000i\000o\000n\000e\000s}{}% 30
\BOOKMARK [1][-]{section.8}{\376\377\000R\000e\000f\000e\000r\000e\000n\000c\000i\000a\000s}{}% 31
